// Jest Snapshot v1, https://goo.gl/fbAQLP

exports[`ROOT should create root 1`] = `null`;
